// Jest Snapshot v1, https://goo.gl/fbAQLP

exports[`App should render correctly 1`] = `
<h2>
  Welcome to React
</h2>
`;
